// Jest Snapshot v1, https://goo.gl/fbAQLP

exports[`Header component should render as expected 1`] = `
<Fragment>
  <div
    className="header-section"
  >
    <Grid
      bsClass="container"
      componentClass="div"
      fluid={false}
    >
      <div
        className="hearing-header"
      >
        <Row
          bsClass="row"
          componentClass="div"
        >
          <Col
            bsClass="col"
            componentClass="div"
            md={9}
          >
            <h1
              className="hearing-header-title"
            >
              Ideoi Isosaaren tulevaisuutta
            </h1>
          </Col>
        </Row>
        <Row
          bsClass="row"
          componentClass="div"
        >
          <Col
            bsClass="col"
            componentClass="div"
            md={9}
          >
            <div
              className="header-abstract lead"
              dangerouslySetInnerHTML={
                Object {
                  "__html": "Tämä on suomenkielinen testiabstrakti. Sisältää huikean kuvauksen kyseisestä kuulemisesta.",
                }
              }
            />
          </Col>
        </Row>
        <div
          className="hearing-meta"
        >
          <div
            className="hearing-meta__element timetable"
          >
            <Icon
              Component="span"
              name="clock-o"
            />
            <span
              className="timetable-texts"
            >
              <FormatRelativeTime
                messagePrefix="timeOpen"
                timeVal="2017-10-22T21:00:00Z"
              />
              <br />
              <FormatRelativeTime
                formatDate={[Function]}
                formatTime={[Function]}
                messagePrefix="timeClose"
                timeVal="2200-11-28T22:00:00Z"
              />
            </span>
          </div>
          <div
            className="hearing-meta__element comment-summary"
          >
            <Icon
              Component="span"
              name="comment-o"
            />
            <span
              className="comment-summary-texts"
            >
              <div
                className="commentNumber"
              >
                <FormattedPlural
                  one={
                    <FormattedMessage
                      id="totalSubmittedComment"
                      values={
                        Object {
                          "n": 1,
                        }
                      }
                    />
                  }
                  other={
                    <FormattedMessage
                      id="totalSubmittedComments"
                      values={
                        Object {
                          "n": 1,
                        }
                      }
                    />
                  }
                  style="cardinal"
                  value={1}
                />
              </div>
              <div>
                <AnchorLink
                  href="#comments-section"
                  offset="100"
                >
                  <FormattedMessage
                    id="headerWriteCommentLink"
                    values={Object {}}
                  />
                </AnchorLink>
              </div>
            </span>
          </div>
          <div
            className="hearing-meta__element language-select"
          >
            <Icon
              Component="span"
              className="user-nav-icon"
              name="globe"
            />
            <span
              className="language-select__texts"
            >
              <div
                className="translation-not-available"
              >
                <FormattedMessage
                  id="hearingTranslationNotAvailable"
                  values={Object {}}
                />
              </div>
              Kuuleminen saatavilla vain
               
              <withRouter(Connect(LinkWithLangComponent))
                className="language-select__language"
                to={
                  Object {
                    "path": "7CxRxrlvrW9uCCjEaB9rW1dENHQMudeK",
                    "search": "?lang=fi",
                  }
                }
              >
                suomeksi
              </withRouter(Connect(LinkWithLangComponent))>
            </span>
          </div>
        </div>
      </div>
    </Grid>
  </div>
</Fragment>
`;
