// Jest Snapshot v1, https://goo.gl/fbAQLP

exports[`SectionImage component should render as expected 1`] = `
<figure
  className="section-image"
  key="https://api.hel.fi/kerrokantasi-test/media/images/2017/10/LzqVMrMI.jpeg"
>
  <img
    alt="Mock Von Caption"
    className="img-responsive"
    src="https://api.hel.fi/kerrokantasi-test/media/images/2017/10/LzqVMrMI.jpeg"
  />
  <figcaption
    className="image-caption"
  >
    Mock Von Caption
  </figcaption>
</figure>
`;
