// Jest Snapshot v1, https://goo.gl/fbAQLP

exports[`<Home /> should render correctly 1`] = `
<div>
  <div>
    <section
      class="page-section page-section--welcome"
      style="background-image: url(http://materialbank.myhelsinki.fi/detail/1192/download/7);"
    >
      <div
        class="container"
      >
        <div
          class="row"
        >
          <div
            class="welcome-content col-md-8 col-xs-10"
          >
            <h1>
              welcome
            </h1>
            <p
              class="lead"
            >
              welcomeMessage
            </p>
          </div>
        </div>
      </div>
      <div
        class="welcome-koro__bottom"
      />
    </section>
    <section
      class="page-section page-section--hearing-card"
    >
      <div
        class="container"
      >
        <h2
          class="page-title"
        >
          openHearings
        </h2>
        <div
          class="fullwidth-hearing "
        >
          <div
            alt="A Wonderfull caption"
            class="mouse-only-click-element fullwidth-hearing-image"
            style="background-image: url(https://api.hel.fi/kerrokantasi-test/media/images/2017/10/LzqVMrMI.jpeg);"
          />
          <div
            class="fullwidth-hearing-header"
          >
            <div
              class="fullwidth-hearing-title-wrap"
            >
              <h3
                class="h2 fullwidth-hearing-title"
              >
                <a
                  href="/mockHearing?headless=false"
                >
                  Mock Hearing
                </a>
              </h3>
            </div>
            <div
              class="fullwidth-hearing-comments"
            >
              <span
                aria-hidden="true"
                class="fa fa-comment-o"
              />
              Â 
              1
              <span
                class="sr-only"
              >
                hearingCardFullWidthComment
              </span>
            </div>
            <div
              class="fullwidth-hearing-times"
            >
              <span>
                timeOpenPast
                 
                8 vuotta sitten
                .
              </span>
               
              <div>
                timeCloseFutureWithValues
                .
              </div>
            </div>
            <div
              class="fullwidth-hearing-labels clearfix"
            >
              <div
                aria-label="labelListTagsTitle"
                class="hearing-list-item-labellist"
              />
            </div>
            <div
              class="hearing-card-notice"
            >
              <span
                aria-hidden="true"
                class="fa fa-exclamation-circle"
              />
              hearingTranslationNotAvailable
              <div
                class="language-available-message"
                lang="fi"
              >
                Kuuleminen saatavilla suomeksi
              </div>
            </div>
          </div>
        </div>
        <div
          class="list"
        >
          <div
            class="hearing-card-list row"
            data-testid="hearing-card-list"
          />
          <p
            class="text-center"
          >
            <a
              href="/hearings/list?headless=false"
            >
              <button
                class="Button-module_button__1msFE button_hds-button__2A0je Button-module_primary__2LfKB button_hds-button--primary__2NVvO kerrokantasi-btn"
                type="button"
              >
                <span
                  class="Button-module_label__a4np1 button_hds-button__label__2EQa-"
                >
                  allHearings
                </span>
              </button>
            </a>
          </p>
        </div>
      </div>
      <div
        class="hearings-koro__bottom"
      />
    </section>
    <section
      class="page-section page-section--map"
    >
      <div
        class="container"
      >
        <div
          class="map"
        >
          <h2>
            open-hearings-on-map
          </h2>
          <div
            data-testid="MapContainer"
          >
            <div
              data-testid="TileLayer"
            />
            <div
              data-testid="FeatureGroup"
            />
          </div>
        </div>
      </div>
    </section>
  </div>
</div>
`;
