// Jest Snapshot v1, https://goo.gl/fbAQLP

exports[`CommentList component should render as expected 1`] = `
<ul
  className="commentlist"
>
  <InjectIntl(Comment)
    data={
      {
        "answers": [
          {
            "answers": [
              115,
            ],
            "question": 6,
            "type": "single-choice",
          },
        ],
        "author_name": "Mikko Uro",
        "can_edit": false,
        "content": "Testi",
        "created_at": "2017-10-23T11:23:47.475069Z",
        "geojson": null,
        "hearing": "rXT2L1HxEOZTERjluyxyQZ412aYM8oZE",
        "id": 2615,
        "images": [],
        "is_registered": true,
        "label": null,
        "language_code": "",
        "n_votes": 0,
        "plugin_data": "",
        "section": "7CxRxrlvrW9uCCjEaB9rW1dENHQMudeK",
      }
    }
    jumpTo={-1}
    key="2615.19859782441"
    questions={
      [
        {
          "id": 6,
          "is_independent_poll": false,
          "n_answers": 1,
          "options": [
            {
              "id": 115,
              "n_answers": 1,
              "text": {
                "en": "NO",
                "fi": "EI !",
              },
            },
            {
              "id": 116,
              "n_answers": 0,
              "text": {
                "en": "Yes",
                "fi": "Joo",
              },
            },
          ],
          "text": {
            "en": " do you like music ?",
            "fi": "Pidätkö sinä musiikista ?",
          },
          "type": "single-choice",
        },
      ]
    }
    section={
      {
        "abstract": {
          "fi": "Tämä on suomenkielinen testiabstrakti. Sisältää huikean kuvauksen kyseisestä kuulemisesta.",
        },
        "commenting": "open",
        "content": {
          "fi": "<p>Samanaikaisesti Isosaaren avaamisen kanssa Helsingin kaupunki aloittaa saaren asemakaavoituksen. Saarta suunnitellaan monipuoliseksi virkistyksen ja matkailun keitaaksi. &nbsp;&nbsp;&nbsp;</p>
<p>Kerro ajatuksesi Isosaaren kehittämisestä: &nbsp;</p>
<ul>
  <li>Minkälaisia matkailupalveluja ja toimintaa Isosaaressa voisi olla?</li>
  <li>Mikä Isosaaressa on ainutlaatuista?&nbsp;</li>
  <li>Millainen Isosaari olisi tulevaisuudessa? Ideoita ja visioita käytetään saaren suunnittelun tukena ja innoituksena.&nbsp;</li>
</ul>
<p>&nbsp;&nbsp;Ideoita ja visioita käytetään saaren suunnittelun tukena ja innoituksena.</p>
<p>Lisätietoja:</p>
<p><a href="http://www.visitisosaari.fi">Tietoa Isosaaressa vieraileville</a></p>",
        },
        "created_at": "2017-10-23T11:07:26.668934Z",
        "id": "7CxRxrlvrW9uCCjEaB9rW1dENHQMudeK",
        "images": [
          {
            "caption": {
              "fi": "A Wonderfull caption",
            },
            "height": 631,
            "id": 92,
            "title": {},
            "url": "https://api.hel.fi/kerrokantasi-test/media/images/2017/10/LzqVMrMI.jpeg",
            "width": 893,
          },
        ],
        "n_comments": 1,
        "plugin_data": "",
        "plugin_fullscreen": false,
        "plugin_identifier": "",
        "plugin_iframe_url": "",
        "published": false,
        "questions": [
          {
            "id": 6,
            "is_independent_poll": false,
            "n_answers": 1,
            "options": [
              {
                "id": 115,
                "n_answers": 1,
                "text": {
                  "en": "NO",
                  "fi": "EI !",
                },
              },
              {
                "id": 116,
                "n_answers": 0,
                "text": {
                  "en": "Yes",
                  "fi": "Joo",
                },
              },
            ],
            "text": {
              "en": " do you like music ?",
              "fi": "Pidätkö sinä musiikista ?",
            },
            "type": "single-choice",
          },
        ],
        "title": {},
        "type": "main",
        "type_name_plural": "pääosiot",
        "type_name_singular": "pääosio",
        "voting": "registered",
      }
    }
    showReplies={false}
  />
</ul>
`;

exports[`CommentList should render a message if no comments were found 1`] = `
<div
  className="commentlist"
>
  <p>
    <FormattedMessage
      id="noCommentsAvailable"
      values={{}}
    />
  </p>
</div>
`;
