// Jest Snapshot v1, https://goo.gl/fbAQLP

exports[`LabelList can handle empty list 1`] = `
<div
  aria-label="Asiasanat"
  className="labels"
/>
`;

exports[`LabelList can handle list of label objects 1`] = `
<div
  aria-label="Asiasanat"
  className="labels"
>
  <withRouter(Connect(LinkWithLangComponent))
    key="1"
    to={
      Object {
        "path": "/hearings/list",
        "search": "?label=1",
        "state": Object {
          "filteredByLabelLink": true,
        },
      }
    }
  >
    <Label
      bsClass="label"
      bsStyle="info"
    >
      such
    </Label>
     
  </withRouter(Connect(LinkWithLangComponent))>
  <withRouter(Connect(LinkWithLangComponent))
    key="2"
    to={
      Object {
        "path": "/hearings/list",
        "search": "?label=2",
        "state": Object {
          "filteredByLabelLink": true,
        },
      }
    }
  >
    <Label
      bsClass="label"
      bsStyle="info"
    >
      label
    </Label>
     
  </withRouter(Connect(LinkWithLangComponent))>
</div>
`;
