// Jest Snapshot v1, https://goo.gl/fbAQLP

exports[`<SectionAttachment /> Should match snapshot 1`] = `
ShallowWrapper {
  Symbol(enzyme.__root__): [Circular],
  Symbol(enzyme.__unrendered__): <SectionAttachment
    file={
      Object {
        "title": Object {
          "en": "Title in english",
          "fi": "Title in finnish",
        },
        "url": "http://mock.url",
      }
    }
    language="fi"
  />,
  Symbol(enzyme.__renderer__): Object {
    "batchedUpdates": [Function],
    "checkPropTypes": [Function],
    "getNode": [Function],
    "render": [Function],
    "simulateError": [Function],
    "simulateEvent": [Function],
    "unmount": [Function],
  },
  Symbol(enzyme.__node__): Object {
    "instance": null,
    "key": undefined,
    "nodeType": "host",
    "props": Object {
      "children": Array [
        <Icon
          Component="span"
          className="icon"
          name="file"
        />,
        <a
          className="section-attachment-title"
          href="http://mock.url"
          rel="noreferrer"
          target="_blank"
        >
          Title in finnish
        </a>,
      ],
      "className": "section-attachment",
    },
    "ref": null,
    "rendered": Array [
      Object {
        "instance": null,
        "key": undefined,
        "nodeType": "class",
        "props": Object {
          "Component": "span",
          "className": "icon",
          "name": "file",
        },
        "ref": null,
        "rendered": null,
        "type": [Function],
      },
      Object {
        "instance": null,
        "key": undefined,
        "nodeType": "host",
        "props": Object {
          "children": "Title in finnish",
          "className": "section-attachment-title",
          "href": "http://mock.url",
          "rel": "noreferrer",
          "target": "_blank",
        },
        "ref": null,
        "rendered": "Title in finnish",
        "type": "a",
      },
    ],
    "type": "div",
  },
  Symbol(enzyme.__nodes__): Array [
    Object {
      "instance": null,
      "key": undefined,
      "nodeType": "host",
      "props": Object {
        "children": Array [
          <Icon
            Component="span"
            className="icon"
            name="file"
          />,
          <a
            className="section-attachment-title"
            href="http://mock.url"
            rel="noreferrer"
            target="_blank"
          >
            Title in finnish
          </a>,
        ],
        "className": "section-attachment",
      },
      "ref": null,
      "rendered": Array [
        Object {
          "instance": null,
          "key": undefined,
          "nodeType": "class",
          "props": Object {
            "Component": "span",
            "className": "icon",
            "name": "file",
          },
          "ref": null,
          "rendered": null,
          "type": [Function],
        },
        Object {
          "instance": null,
          "key": undefined,
          "nodeType": "host",
          "props": Object {
            "children": "Title in finnish",
            "className": "section-attachment-title",
            "href": "http://mock.url",
            "rel": "noreferrer",
            "target": "_blank",
          },
          "ref": null,
          "rendered": "Title in finnish",
          "type": "a",
        },
      ],
      "type": "div",
    },
  ],
  Symbol(enzyme.__options__): Object {
    "adapter": ReactSixteenAdapter {
      "options": Object {
        "enableComponentDidUpdateOnSetState": true,
        "legacyContextMode": "parent",
        "lifecycles": Object {
          "componentDidUpdate": Object {
            "onSetState": true,
          },
          "getChildContext": Object {
            "calledByRenderer": false,
          },
          "getDerivedStateFromError": true,
          "getDerivedStateFromProps": Object {
            "hasShouldComponentUpdateBug": false,
          },
          "getSnapshotBeforeUpdate": true,
          "setState": Object {
            "skipsComponentDidUpdateOnNullish": true,
          },
        },
      },
    },
    Symbol(enzyme.__providerValues__): undefined,
  },
  Symbol(enzyme.__providerValues__): Map {},
}
`;
