// Jest Snapshot v1, https://goo.gl/fbAQLP

exports[`<SectionAttachment /> Should match snapshot 1`] = `ShallowWrapper {}`;
