// Jest Snapshot v1, https://goo.gl/fbAQLP

exports[`HearingCard component should render as expected 1`] = `
<Route>
  <Component />
</Route>
`;
