// Jest Snapshot v1, https://goo.gl/fbAQLP

exports[`HearingCard component should render as expected 1`] = `
<div
  className="hearing-card "
>
  <withRouter(Connect(LinkWithLangComponent))
    to={
      Object {
        "path": "/mockHearing",
      }
    }
  >
    <div
      aria-labelledby="rXT2L1HxEOZTERjluyxyQZ412aYM8oZE"
      className="hearing-card-image"
      style={
        Object {
          "backgroundImage": "url(https://api.hel.fi/kerrokantasi-test/media/images/2017/10/LzqVMrMI.jpeg)",
        }
      }
    />
  </withRouter(Connect(LinkWithLangComponent))>
  <div
    className="hearing-card-content"
  >
    <h3
      className="h4 hearing-card-title"
      id="rXT2L1HxEOZTERjluyxyQZ412aYM8oZE"
    >
      <withRouter(Connect(LinkWithLangComponent))
        to={
          Object {
            "path": "/mockHearing",
          }
        }
      >
        Mock Hearing
      </withRouter(Connect(LinkWithLangComponent))>
    </h3>
    <div
      className="hearing-card-comment-count"
    >
      <Icon
        Component="span"
        aria-hidden="true"
        name="comment-o"
      />
      Â 
      1
      <span
        className="sr-only"
      >
        <FormattedMessage
          id="hearingCardComment"
          values={Object {}}
        />
      </span>
    </div>
    <div
      className="hearing-card-time "
    >
      <FormatRelativeTime
        messagePrefix="timeClose"
        timeVal="2200-11-28T22:00:00Z"
      />
    </div>
    <div
      className="hearing-card-labels clearfix"
    >
      <InjectIntl(Labels)
        className="hearing-list-item-labellist"
        labels={Array []}
        language="fi"
      />
    </div>
  </div>
</div>
`;
