// Vitest Snapshot v1, https://vitest.dev/guide/snapshot.html

exports[`<IframeSelectField /> > should render correctly 1`] = `
<div>
  <div
    class="input-container html-copy-paste-input"
  >
    <label
      for="iframe-html-copy-paste"
    >
      Iframe leikkaa ja liit√§ html
    </label>
    <textarea
      class="form-control"
      id="iframe-html-copy-paste"
      name="htmlCopyPaste"
    />
  </div>
</div>
`;
